decoded 66.3 min
2793 windows from 766 VAD regions (win=2.0s hop=1.0s)
  250/2793  40s
  500/2793  82s
  750/2793  123s
  1000/2793  164s
  1250/2793  206s
  1500/2793  248s
  1750/2793  289s
  2000/2793  328s
  2250/2793  370s
  2500/2793  411s
  2750/2793  454s
embedded (2793, 192) in 460s
  k2_raw_agglom        sil=+0.006  14 (1%) / 2779 (99%)
  k2_cmn_agglom        sil=+0.191  1700 (61%) / 1093 (39%)
  k2_cmn_ward          sil=+0.188  995 (36%) / 1798 (64%)
  k2_cmn_kmeans        sil=+0.197  1752 (63%) / 1041 (37%)
  k3_raw_agglom        sil=-0.022  2779 (99%) / 3 (0%) / 11 (0%)
  k3_cmn_agglom        sil=+0.105  1093 (39%) / 1674 (60%) / 26 (1%)
  k3_cmn_ward          sil=+0.164  1798 (64%) / 684 (24%) / 311 (11%)
  k3_cmn_kmeans        sil=+0.168  1707 (61%) / 708 (25%) / 378 (14%)
  k4_raw_agglom        sil=-0.030  2741 (98%) / 38 (1%) / 11 (0%) / 3 (0%)
  k4_cmn_agglom        sil=+0.125  1674 (60%) / 372 (13%) / 26 (1%) / 721 (26%)
  k4_cmn_ward          sil=+0.104  1126 (40%) / 672 (24%) / 311 (11%) / 684 (24%)
  k4_cmn_kmeans        sil=+0.122  937 (34%) / 708 (25%) / 368 (13%) / 780 (28%)
  k5_raw_agglom        sil=-0.057  2740 (98%) / 38 (1%) / 11 (0%) / 3 (0%) / 1 (0%)
  k5_cmn_agglom        sil=+0.112  104 (4%) / 1570 (56%) / 26 (1%) / 721 (26%) / 372 (13%)
  k5_cmn_ward          sil=+0.104  672 (24%) / 684 (24%) / 311 (11%) / 336 (12%) / 790 (28%)
  k5_cmn_kmeans        sil=+0.122  357 (13%) / 655 (23%) / 283 (10%) / 814 (29%) / 684 (24%)
DONE
